# JSON

从MySQL5.7.8开始，MySQL支持原生的JSON数据类型

[参考](http://www.lnmp.cn/mysql-57-new-features-json.html)

[参考](http://dev.mysql.com/doc/refman/5.7/en/json-search-functions.html)

## 创建

类似 varchar，设置 JSON 主要将字段的 type 是 json, 不能设置长度，可以是 NULL  但不能有默认值。
```mysql
mysql> CREATE TABLE lnmp (
    `id` int(10) unsigned NOT NULL AUTO_INCREMENT,
    `category` JSON,
    `tags` JSON,
    PRIMARY KEY (`id`)
);
```

## 插入

- 字符串

就是插入 json 格式的字符串，可以是对象的形式，也可以是数组的形式

```mysql
mysql> INSERT INTO `lnmp` (category, tags) VALUES ('{"id": 1, "name": "lnmp.cn"}', '[1, 2, 3]');
Query OK, 1 row affected (0.01 sec)
```

- 函数

MySQL 也有专门的函数` JSON_OBJECT`，`JSON_ARRAY `生成 json 格式的数据

```mysql
mysql> INSERT INTO `lnmp` (category, tags) VALUES (JSON_OBJECT("id", 2, "name", "php.net"), JSON_ARRAY(1, 3, 5));
Query OK, 1 row affected (0.00 sec)
```

## 查询

- 查询结果

查询 json 中的数据用` column->path `的形式，其中对象类型 path 这样表示 `$.path`, 而数组类型则是` $[index]`

```mysql
mysql> SELECT id, category->'$.id', category->'$.name', tags->'$[0]', tags->'$[2]' FROM lnmp;
+----+------------------+--------------------+--------------+--------------+
| id | category->'$.id' | category->'$.name' | tags->'$[0]' | tags->'$[2]' |
+----+------------------+--------------------+--------------+--------------+
|  1 | 1                | "lnmp.cn"          | 1            | 3            |
|  2 | 2                | "php.net"          | 1            | 5            |
+----+------------------+--------------------+--------------+--------------+
2 rows in set (0.00 sec)
```

可以看到对应字符串类型的 `category->'$.name' `中还包含着双引号，这其实并不是想要的结果，

可以用 `JSON_UNQUOTE` 函数将双引号去掉，从 MySQL 5.7.13 起也可以通过这个操作符` ->> `这个和 `JSON_UNQUOTE` 是等价的

```mysql
mysql> SELECT id, category->'$.name', JSON_UNQUOTE(category->'$.name'), category->>'$.name' FROM lnmp;
+----+--------------------+----------------------------------+---------------------+
| id | category->'$.name' | JSON_UNQUOTE(category->'$.name') | category->>'$.name' |
+----+--------------------+----------------------------------+---------------------+
|  1 | "lnmp.cn"          | lnmp.cn                          | lnmp.cn             |
|  2 | "php.net"          | php.net                          | php.net             |
+----+--------------------+----------------------------------+---------------------+
2 rows in set (0.00 sec)
```

- 下面说下 JSON 作为条件进行搜索。

> 字段比较

因为 JSON 不同于字符串，所以如果用字符串和 JSON 字段比较，是不会相等的

```mysql
mysql> SELECT * FROM lnmp WHERE category = '{"id": 1, "name": "lnmp.cn"}';
Empty set (0.00 sec)
```

这时可以通过 CAST 将字符串转成 JSON 的形式

```python
mysql> SELECT * FROM lnmp WHERE category = CAST('{"id": 1, "name": "lnmp.cn"}' as JSON);
+----+------------------------------+-----------+
| id | category                     | tags      |
+----+------------------------------+-----------+
|  1 | {"id": 1, "name": "lnmp.cn"} | [1, 2, 3] |
+----+------------------------------+-----------+
1 row in set (0.00 sec)
```

> 查询

对象的`column->path`

通过 JSON 中的元素进行查询, 对象型的查询同样可以通过 `column->path`

```python
mysql> SELECT * FROM lnmp WHERE category->'$.name' = 'lnmp.cn';
+----+------------------------------+-----------+
| id | category                     | tags      |
+----+------------------------------+-----------+
|  1 | {"id": 1, "name": "lnmp.cn"} | [1, 2, 3] |
+----+------------------------------+-----------+
1 row in set (0.00 sec)
```

上面有提到` column->path` 形式从 select 中查询出来的字符串是包含双引号的，但作为条件这里其实没什么影响，`-> `和 `->> `结果是一样的

```python
mysql> SELECT * FROM lnmp WHERE category->>'$.name' = 'lnmp.cn';
+----+------------------------------+-----------+
| id | category                     | tags      |
+----+------------------------------+-----------+
|  1 | {"id": 1, "name": "lnmp.cn"} | [1, 2, 3] |
+----+------------------------------+-----------+
1 row in set (0.00 sec)
```

要特别注意的是，JSON 中的元素搜索是严格区分变量类型的，比如说整型和字符串是严格区分的

```python
mysql> SELECT * FROM lnmp WHERE category->'$.id' = '1';
Empty set (0.00 sec)
# 搜索字符串 1 和整型 1 的结果是不一样的。
mysql> SELECT * FROM lnmp WHERE category->'$.id' = 1;
+----+------------------------------+-----------+
| id | category                     | tags      |
+----+------------------------------+-----------+
|  1 | {"id": 1, "name": "lnmp.cn"} | [1, 2, 3] |
+----+------------------------------+-----------+
1 row in set (0.00 sec)
```

`JSON_CONTAINS`

除了用 `column->path`的形式搜索，还可以用`JSON_CONTAINS` 函数，但和 `column->path` 的形式有点相反的是，`JSON_CONTAINS `第二个参数是不接受整数的，无论 json 元素是整型还是字符串，否则会出现这个错误

```python
mysql> SELECT * FROM lnmp WHERE JSON_CONTAINS(category, 1, '$.id');
ERROR 3146 (22032): Invalid data type for JSON data in argument 2 to function json_contains; a JSON string or JSON type is required.
  
# 这里必须是要字符串 1
mysql> SELECT * FROM lnmp WHERE JSON_CONTAINS(category, '1', '$.id');
+----+------------------------------+-----------+
| id | category                     | tags      |
+----+------------------------------+-----------+
|  1 | {"id": 1, "name": "lnmp.cn"} | [1, 2, 3] |
+----+------------------------------+-----------+
1 row in set (0.01 sec)
```

对于数组类型的 JSON 的查询，比如说 tags 中包含有 2 的数据，同样要用 `JSON_CONTAINS `函数，同样第二个参数也需要是字符串

```python
mysql> SELECT * FROM lnmp WHERE JSON_CONTAINS(tags, '2');
+----+------------------------------+-----------+
| id | category                     | tags      |
+----+------------------------------+-----------+
|  1 | {"id": 1, "name": "lnmp.cn"} | [1, 2, 3] |
+----+------------------------------+-----------+
1 row in set (0.00 sec)
```

## 更新

- 如果是整个 json 更新的话，和插入时类似的。

```mysql
mysql> UPDATE lnmp SET tags = '[1, 3, 4]' WHERE id = 1;
Query OK, 1 row affected (0.00 sec)
Rows matched: 1  Changed: 1  Warnings: 0
```

- 但如果要更新 JSON 下的元素

MySQL 并不支持` column->path`的形式

``` mysql                                                  
mysql> UPDATE lnmp SET category->'$.name' = 'lnmp', tags->'$[0]' = 2 WHERE id = 1;
ERROR 1064 (42000): You have an error in your SQL syntax; check the manual that corresponds to your MySQL server version for the right syntax to use near '->'$.name' = 'lnmp', tags->'$[0]' = 2 WHERE id = 1' at line 1
```

则可能要用到以下几个函数

| name             | Desc                             |
| ---------------- | -------------------------------- |
| `JSON_INSERT()`  | 插入新值，但不会覆盖已经存在的值 |
| `JSON_SET()`     | 插入新值，并覆盖已经存在的值     |
| `JSON_REPLACE()` | 只替换存在的值                   |
| `JSON_REMOVE()`  | 删除 JSON 元素                   |
| ``               |                                  |
| ``               |                                  |

示例

```mysql
# JSON_INSERT()
mysql> UPDATE lnmp SET category = JSON_INSERT(category, '$.name', 'lnmp', '$.url', 'www.lnmp.cn') WHERE id = 1;
Query OK, 1 row affected (0.00 sec)
Rows matched: 1  Changed: 1  Warnings: 0
# JSON_SET()
mysql> UPDATE lnmp SET category = JSON_SET(category, '$.host', 'www.lnmp.cn', '$.url', 'http://www.lnmp.cn') WHERE id = 1;
Query OK, 1 row affected (0.00 sec)
Rows matched: 1  Changed: 1  Warnings: 0
# JSON_REPLACE()
mysql> UPDATE lnmp SET category = JSON_REPLACE(category, '$.name', 'php', '$.url', 'http://www.php.net') WHERE id = 2;
Query OK, 1 row affected (0.01 sec)
Rows matched: 1  Changed: 1  Warnings: 0
# JSON_REMOVE()
mysql> UPDATE lnmp SET category = JSON_REMOVE(category, '$.url', '$.host') WHERE id = 1;
Query OK, 1 row affected (0.01 sec)
Rows matched: 1  Changed: 1  Warnings: 0
```

## 空数组

```
JSON类型的数，可以支持null，{}, []，{'k':'v'}，这些类型。

null：默认值就是null，可以单独设置null；

{}：空的键值对，可以用cast('{}' as JSON)来设置；

[]：空的数组，可以用cast('[] as JSON')来设置，注意这里并不是集合的概念，里面的值是允许重复的；

{'k':'v'}：有键值对的数组，可以用cast来设置；
```

示例

```mysql
mysql> select * from test_json;
+----+------------------------------------+---------+
| id | j                                  | name    |
+----+------------------------------------+---------+
|  1 | {"url": "lnmp.cn", "name": "lnmp"} |         |
|  2 | NULL                               |         |
|  3 | {}                                 |         |
|  4 | NULL                               | brother |
|  5 | [100, 100, 200]                    | sister  |
+----+------------------------------------+---------+
rows in set (0.00 sec)
```

## key为int

- key需将int转换为string

添加子key为int类型的数据，直接添加int型的子key是有问题的

```mysql
insert into test_json (j) values(cast('{0:"100",1:"200"}' as JSON));
ERROR 3141 (22032): Invalid JSON text in argument 1 to function cast_as_json: "Missing a name for object member." at position 1.
```

添加子key为string类型，但是值为数字型的数据

```mysql
mysql> insert into test_json (j) values(cast('{"0":"100","1":"200"}' as JSON));
Query OK, 1 row affected (0.01 sec)

mysql> select * from test_json;
+----+------------------------------------+---------+
| id | j                                  | name    |
+----+------------------------------------+---------+
|  1 | {"url": "lnmp.cn", "name": "lnmp"} |         |
|  2 | NULL                               |         |
|  3 | {}                                 |         |
|  4 | NULL                               | brother |
|  5 | [100, 100, 200]                    | sister  |
|  6 | {"100": "100", "200": "200"}       |         |
|  7 | {"0": "100", "1": "200"}           |         |
+----+------------------------------------+---------+
rows in set (0.00 sec)
```

结论：如果要添加数字型的子key，必须包含引号，int型转成string型才可以

- 按照key查找条目

```mysql
mysql> select * from test_json where JSON_CONTAINS(j, '"100"', '$."0"');
+----+--------------------------+------+
| id | j                        | name |
+----+--------------------------+------+
|  7 | {"0": "100", "1": "200"} |      |
+----+--------------------------+------+
row in set (0.00 sec)
```

注意：

```
1. 是第二个参数必须是带印号，
2. 是第三个参数的键值名称必须带双引号，而不是之前的'$.name'这样的方式。
```

- select中带有子key

```mysql
mysql> select j->'$."0"' from test_json where id=7;
+------------+
| j->'$."0"' |
+------------+
| "100"      |
+------------+
row in set (0.00 sec)
```

# 临时表

MySQL 临时表在我们需要保存一些临时数据时是非常有用的。临时表只在当前连接可见，当关闭连接时，Mysql会自动删除表并释放所有空间。当然你也可以手动销毁。

临时表在MySQL 3.23版本中添加，如果你的MySQL版本低于 3.23版本就无法使用MySQL的临时表。不过现在一般很少有再使用这么低版本的MySQL数据库服务了。

创建临时表

```sql
CREATE TEMPORARY TABLE SalesSummary (
	product_name VARCHAR(50) NOT NULL,
    total_sales DECIMAL(12,2) NOT NULL DEFAULT 0.00,
    avg_unit_price DECIMAL(7,2) NOT NULL DEFAULT 0.00,
    total_units_sold INT UNSIGNED NOT NULL DEFAULT 0
);
```

插入数据

```sql
INSERT INTO SalesSummary(product_name, total_sales, avg_unit_price, total_units_sold) VALUES ('cucumber', 100.25, 90, 2);
```

查询数据

```sql
SELECT * FROM SalesSummary;
```

手动删除临时表

```sql
DROP TABLE SalesSummary;
```

# 视图

视图只能用于查询，当原始表中数据变化时，视图会自动更新。

```python
# 创建视图
create view 视图名 as 查询的SQL语句

# 查看创建视图的语句
show create view 视图名

# 删除视图
drop view 视图名

# 更新视图
# 方法一：drop + create
# 方法二：create or replace view
# 方法三：alter view 视图名 as 查询的SQL语句
```

# 触发器

使用触发器可以定制用户对表进行【增、删、改】操作时前后的行为，注意：没有查询

触发器无法由用户直接调用，而知由于对表的【增/删/改】操作被动引发的。

- 创建

```python
# 创建触发器
# 行触发器,MySQL不支持语句触发器
create trigger 触发器名{before|after}
insert|update|delete}
on 表名
for each row
# 开启
begin
#触发器执行的操作
#如果要获取表中的数据当作条件,insert时用NEW，delete时用OLD,update时都可以
# 结束
end;
```
示例
```shell
# 插入前
CREATE TRIGGER tri_before_insert_tb1 BEFORE INSERT ON tb1 FOR EACH ROW
# 插入后
CREATE TRIGGER tri_after_insert_tb1 AFTER INSERT ON tb1 FOR EACH ROW
# 删除前
CREATE TRIGGER tri_before_delete_tb1 BEFORE DELETE ON tb1 FOR EACH ROW
# 删除后
CREATE TRIGGER tri_after_delete_tb1 AFTER DELETE ON tb1 FOR EACH ROW
# 更新前
CREATE TRIGGER tri_before_update_tb1 BEFORE UPDATE ON tb1 FOR EACH ROW
# 更新后
CREATE TRIGGER tri_after_update_tb1 AFTER UPDATE ON tb1 FOR EACH ROW

# 样例
# 创建表
create table user(
    id int primary key auto_increment,
    name varchar(20) not null,
    reg_time datetime, # 注册用户的时间
    affirm enum('yes','no') # no表示该用户执行失败
);

create table userLog(
    id int primary key auto_increment,
    u_name varchar(20) not null,
    u_reg_time datetime # 注册用户的时间
);

# 创建触发器 delimiter 默认情况下，delimiter是分号 触发器名称应遵循命名约定[trigger time]_[table name]_[trigger event]
delimiter //
create trigger after_user_insert after insert on user for each row
begin
    if new.affirm = 'yes' then
        insert into userLog(u_name,u_reg_time) values(new.name,new.reg_time);
    end if;

end //
delimiter ;


#往用户表中插入记录，触发触发器，根据if的条件决定是否插入数据
insert into user(name,reg_time,affirm) values ('张三',now(),'yes'),('李四',now(),'yes'),('王五',now(),'no');


# 查看日志表，发现多了两条记录 ，大家应该看到for each row就明白了

mysql> select * from userlog;
+----+--------+---------------------+
| id | u_name | u_reg_time          |
+----+--------+---------------------+
|  1 | 张三   | 2018-06-14 17:52:49 |
|  2 | 李四   | 2018-06-14 17:52:49 |
+----+--------+---------------------+
2 rows in set (0.00 sec)

# 注意：请注意，在为INSERT定义的触发器中，可以仅使用NEW关键字。不能使用OLD关键字。但是，在为DELETE定义的触发器中，没有新行，因此您只能使用OLD关键字。在UPDATE触发器中，OLD是指更新前的行，而NEW是更新后的行
```
- 删除

```
# 删除触发器
drop trigger 触发器名
```

# 存储过程

```python
# 创建存储过程
create procedure 存储过程名(参数)
# 开启
begin
# 要执行的操作
# 终止
end;

# 检查存储过程
show create procedure 存储过程名
# 调用存储过程
call 存储过程名([参数]);

# 删除存储过程
drop procedure 存储过程名;


eg:
#  创建
create procedure ordertotal(
	in onumber int,
    out ototal decimal(8,2)
)
begin
	select sum(item_price*quantity)
	from orderitems
    where order_num = onumber
    into ototal;
end;
# 调用
call ordertotal(20005, @total);
select @total
```

# 游标

```sql
# mysql中的游标只能用于存储过程(和函数)
# 创建游标
create procedure processorders()
begin
	declare ordernumbers cursor
	for
	select order_num from orders;
end;

# 打开游标
open ordernumbers

# 关闭游标
close ordernumbers

eg:
# 创建
create procedure processorders()
begin
	-- declare local variable
	declare done boolean default 0;
	decalre o int;
	declare t decimal(8,2);
	-- declare the cursor
	declare ordernumbers cursor
	for 
	select order_num from orders;
	-- declare continue handler
	declare continue handler for sqlstate '02000' set done=1;
	-- create a table to store the results
	create table if not exists ordertotals
	(order_num int, total decimal(8,2));
	-- open the cursor
	open ordernumbers
	-- loop through all rows
	repeat
		-- get order number
		fetch ordernumbers into o;
		--get the total for this order
		call ordertotal(o, 1, t)
		--insert order and total into ordertotals
		insert into ordertotals(order_num, total)
		values(o, t);
	-- nd of loop
	until done end repeat;
	-- close the cursor
	close ordernumbers;
end;

# 使用
select * from  ordertotals;	
```

# 事件

## 创建事件

每天凌晨两点自动删除de_records表中七天以前的数据

```sql
CREATE EVENT event_delete_de_records_7days ON SCHEDULE EVERY 1 DAY STARTS '2018-01-01 02:00:00' DO DELETE FROM de_records WHERE timestamp <DATE_SUB(CURRENT_TIMESTAMP, INTERVAL 7 DAY);
```

每天凌晨三点自动删除as_records表中七天以前的数据

```sql
CREATE EVENT event_delete_as_records_7days ON SCHEDULE EVERY 1 DAY STARTS '2018-01-01 03:00:00' DO DELETE FROM as_records WHERE timestamp <DATE_SUB(CURRENT_TIMESTAMP, INTERVAL 7 DAY);
```

## 开启事件

```python
# 检测事件是否开启
show variables like 'event_scheduler';
# 开启事件
set global event_scheduler = on;
# 登录mysql中
show databases;
use mysql;
```

## 查看事件

```python
# 方法一
select name from event;
# 方法二
use chatroom;
show events;
```

## 删除事件

```python
# 语法：
drop event 表名

# 示例
drop event 4332432143243
```

# 窗口函数

## 概述

MySQL从8.0开始支持窗口函数

窗口的概念非常重要，它可以理解为记录集合，窗口函数也就是在满足某种条件的记录集合上执行的特殊函数。对于每条记录都要在此窗口内执行函数，有的函数随着记录不同，窗口大小都是固定的，这种属于静态窗口；有的函数则相反，不同的记录对应着不同的窗口，这种动态变化的窗口叫滑动窗口。

窗口函数，也叫OLAP函数（Online Anallytical Processing，联机分析处理），可以对数据库数据进行实时分析处理。

应用场景

```
排名问题
topN问题
```

窗口函数和普通聚合函数区别
```
- 聚合函数是将多条记录聚合为一条；而窗口函数是每条记录都会执行，有几条记录执行完还是几条。
- 聚合函数也可以用于窗口函数中。
```
## 使用

- 语法

```sql
函数名([expr]) over 子句

# over是关键字，用来指定函数执行的窗口范围；如果子句后面括号中什么都不写，则意味着窗口包含满足where条件的所有行，窗口函数基于所有行进行计算；如果不为空，则需要设置窗口
```

函数名可使用的函数

```python
# 1.专用窗口函数
row_number/rank/dense_rank  # 序号函数
percent_rank/cume_dist  # 分布函数
lag/lead  # 前后函数
first_val/last_val  # 头尾函数
nth_value/nfile  # 其他函数

# 2.聚合函数
sum,avg,count,max,min...
```

设置窗口

```python
# window_name
# 给窗口指定一个别名，如果SQL中涉及的窗口较多，采用别名可以看起来更清晰易读

# partion子句
# 窗口按照那些字段进行分组，窗口函数在不同的分组上分别执行。

# order by子句
# 按照哪些字段进行排序，窗口函数将按照排序后的记录顺序进行编号。可以和partition子句配合使用，也可以单独使用。

# frame子句
# frame是当前分区的一个子集，子句用来定义子集的规则，通常用来作为滑动窗口使用。
```

- 使用示例

```sql
select * from (
	select row_number() over (partition by user_no order by amount desc) as row_num,
    order_id, user_no, amount, create_date
    from order_tab
) t;

select * from(
    select row_number() over w as row_num,
    order_id,user_no,amount,create_date
    from order_tab
    WINDOW w AS (partition by user_no order by amount desc)
) t;


select * from (
	select order_id, user_no, amount,
    avg(amount) over w as avg_num, create_time
    from order_tab
    WINDOW w AS (partition by user_no order by create_date desc ROWS BETWEEEN 1 PRECEDING AND 1 FOLLOWING)
) t;


select * from (
	select 
    row_numeber() over (partition by user_no order by amout desc) as row_num, order_id, user_No, amount, create_date
    from order_tab
) t where row_num<=3;


select * from (
	select 
    rank() over w as row_num,
    percent_rank() over w as percent,
    order_id, user_no, amount
    from order_tab
    WINDOW w AS (partition by user_no order by amount desc)
) t;



select *,
   rank() over (partition by 班级 order by 成绩 desc) as ranking
from 班级表;


select *,
   rank() over (order by 成绩 desc) as ranking,
   dense_rank() over (order by 成绩 desc) as dese_rank,
   row_number() over (order by 成绩 desc) as row_num
from 班级表;


select *,
    sum(成绩) over (order by 学号) as current_sum,
    avg(成绩) over (order by 学号) as current_avg,
    count(成绩) over (order by 学号) as current_count,
    max(成绩) over (order by 学号) as current_max,
    min(成绩) over (order by 学号) as current_min
from 班级表;
```

# 导入导出数据

## Windows

```
1.导出整个数据库
mysqldump -u 用户名 -p 数据库名 > 导出的文件名
mysqldump -u dbuser -p dbname > dbname.sql

2.导出一个表
mysqldump -u 用户名 -p 数据库名 表名> 导出的文件名
mysqldump -u dbuser -p dbname users> dbname_users.sql

3.导出一个数据库结构
mysqldump -u dbuser -p -d --add-drop-table dbname >d:/dbname_db.sql
-d 没有数据 --add-drop-table 在每个create语句之前增加一个drop table

4.导入数据库
常用source 命令
进入mysql数据库控制台，如
mysql -u root -p
mysql>use 数据库
然后使用source命令，后面参数为脚本文件(如这里用到的.sql)
mysql>source d:/dbname.sql
注意：要在盘符的根目录放置sql文件，或在登录mysql时的目录下
```

## Linux

导出

```shell
# /usr/local/mysql/bin/此目录下执行
# 到处远程数据库到本地
mysqldump -h other-host.com -P port -u root -p password database_name > dump.txt

# 导出所有数据库
mysqldump -u root -p password --all-database > demo.sql
# 导出某个数据库的所有表
mysqldump -u root -p password database_name > demo.sql
# 导出某个数据库的某个表
mysqldump -u root -p password database_name table_name > demo.sql
# 导出数据表到指定位置
mysqldump -u root -p password --no-create-info --tab=/tmp demo_table;  # --tab是导出指定目录，需可写

# 只导出数据库表结构
mysqldump -u用户名 -p密码 -d database_name > database_name.sql

# 导出表中过滤数据
selct *from demo_table into outfile 'tmp/demo_table.txt';

SELECT * FROM passwd INTO OUTFILE '/tmp/runoob.txt'
FIELDS TERMINATED BY ',' ENCLOSED BY '"'
LINES TERMINATED BY '\r\n';  # 设定输出格式
```
导入
```sql
# 建空数据库
create database abc;

# 导入数据
# 方法一
use abc;
set names utf8;
source /home/abc/abc.sql;


# 方法二
mysql -u root -p password abc < demo.sql

# 方法三
load data local infile 'demo.sql' into table mytbl;

LOAD DATA LOCAL INFILE 'dump.txt' INTO TABLE mytbl
FIELDS TERMINATED BY ':'
LINES TERMINATED BY '\r\n';  # 有输出格式

LOAD DATA LOCAL INFILE 'dump.txt' 
INTO TABLE mytbl (b, c, a);  # 指定字段
```

将导出数据直接导入到远程服务器

```shell
mysqldump -u root -p password database_name | mysql -h other-host.com database_name
```

# 执行计划

[示例](https://www.cnblogs.com/sunjingwu/p/10755823.html)

MySQL提供[**explain/desc**](https://dev.mysql.com/doc/refman/5.7/en/execution-plan-information.html)命令输出执行计划，我们通过执行计划优化SQL语句

```sql
EXPLAIN  SELECT ……
# 变体1
EXPLAIN EXTENDED SELECT ……  # 将执行计划“反编译”成SELECT语句，运行SHOW WARNINGS 可得到被MySQL优化器优化后的查询语句 
# 变体2
EXPLAIN PARTITIONS SELECT ……  # 用于分区表的EXPLAIN
```

- 执行计划包含的内容

`id`

```
id相同，从上往下一次执行
id不同，id越大优先级越高，越先被执行
```

`select_type`

```
表示查询中每个select子句的类型（简单 OR复杂）
a.SIMPLE：查询中不包含子查询或者UNION
b.查询中若包含任何复杂的子部分，最外层查询则被标记为：PRIMARY
c.在SELECT或WHERE列表中包含了子查询，该子查询被标记为：SUBQUERY
d.在FROM列表中包含的子查询被标记为：DERIVED（衍生）
e.若第二个SELECT出现在UNION之后，则被标记为UNION；若UNION包含在  FROM子句的子查询中，外层SELECT将被标记为：DERIVED
f.从UNION表获取结果的SELECT被标记为：UNION RESULT
```

`type`

```
表示MySQL在表中找到所需行的方式， 由上至下，由最差到最好
a.ALL：Full Table Scan， MySQL将遍历全表以找到匹配的行
b.index：Full Index Scan，index与ALL区别为index类型只遍历索引树
c.range：索引范围扫描，对索引的扫描开始于某一点，返回匹配值域的行，常见于between、<、>等的查询
d.ref：非唯一性索引扫描，返回匹配某个单独值的所有行。常见于使用非唯一索引即唯一索引的非唯一前缀进行的查找
e.eq_ref：唯一性索引扫描，对于每个索引键，表中只有一条记录与之匹配。常见于主键或唯一索引扫描
f.const、system：当MySQL对查询某部分进行优化，并转换为一个常量时，使用这些类型访问。如将主键置于where列表中，MySQL就能将该查询转换为一个常量
g.NULL：MySQL在优化过程中分解语句，执行时甚至不用访问表或索引
```

`possible_keys`

```
指出MySQL能使用哪个索引在表中找到行，查询涉及到的字段上若存在索引，则该索引将被列出，但不一定被查询使用
```

`key`

```
显示MySQL在查询中实际使用的索引，若没有使用索引，显示为NULL
TIPS：查询中若使用了覆盖索引，则该索引仅出现在key列表中
```

`key_len`

```
表示索引中使用的字节数，可通过该列计算查询中使用的索引的长度
key_len显示的值为索引字段的最大可能长度，并非实际使用长度，即key_len是根据表定义计算而得，不是通过表内检索出的
```

`ref`

```
表示上述表的连接匹配条件，即哪些列或常量被用于查找索引列上的值
```

`rows`

```
表示MySQL根据表统计信息及索引选用情况，估算的找到所需的记录所需要读取的行数
```

`extra`

```
包含不适合在其他列中显示但十分重要的额外信息
 
a.Using index
该值表示相应的select操作中使用了覆盖索引（Covering Index）
TIPS：覆盖索引（Covering Index）
MySQL可以利用索引返回select列表中的字段，而不必根据索引再次读取数据文件
包含所有满足查询需要的数据的索引称为 覆盖索引（Covering Index）
注意：
如果要使用覆盖索引，一定要注意select列表中只取出需要的列，不可select *，因为如果将所有字段一起做索引会导致索引文件过大，查询性能下降
 
b.Using where
表示MySQL服务器在存储引擎受到记录后进行“后过滤”（Post-filter）,
如果查询未能使用索引，Using where的作用只是提醒我们MySQL将用where子句来过滤结果集
 
c.Using temporary
表示MySQL需要使用临时表来存储结果集，常见于排序和分组查询
 
d.Using filesort
MySQL中无法利用索引完成的排序操作称为“文件排序”
```

- 局限性

EXPLAIN不会告诉你关于触发器、存储过程的信息或用户自定义函数对查询的影响情况

EXPLAIN不考虑各种Cache

EXPLAIN不能显示MySQL在执行查询时所作的优化工作

部分统计信息是估算的，并非精确值

EXPALIN只能解释SELECT操作，其他操作要重写为SELECT后查看执行计划

# 查询日志

无日志查找查询历史

```shell
show full PROCESSLIST;  # 显示当前MySQL服务器上所有线程的完整查询语句状况

SELECT *
FROM information_schema.PROCESSLIST
WHERE DB = 'cabits_pre'
ORDER BY time DESC;
```

用日志查找慢查询

```shell
# 查看慢查询日志是否开启
SHOW VARIABLES LIKE '%slow_query_log%';
 
# 开启慢查询日志
SET GLOBAL slow_query_log = 'ON';
 
# 查看慢查询日志的文件路径
SHOW VARIABLES LIKE '%slow_query_log_file%';
 
# 设置慢查询阈值（例如，设置为10秒）
SET GLOBAL long_query_time = 10;
 
# 查看当前的慢查询阈值
SHOW VARIABLES LIKE 'long_query_time';
 
# 查询慢查询日志
SELECT * FROM mysql.slow_log;
```





